// Jest Snapshot v1, https://goo.gl/fbAQLP

exports[`Card component test renders the UI as expected 1`] = `
<div
  name="Card"
>
  <button
    type="button"
  >
    delete
  </button>
  <h3>
    title=
    myTitle
  </h3>
  <p>
    content=
    myContent
  </p>
</div>
`;
